
% Each figure is forced to the light theme just before export (see the theme(...)
% calls in the plotting section), so the transparent-background figures have dark
% axes and text regardless of the MATLAB UI theme. A groot default cannot be used:
% the Figure Theme property rejects default values.

% Fix the random number generator so the simulation block (Simulation.m, the only
% source of randomness) is reproducible across runs and machines. Seed 0 with the
% Mersenne Twister is MATLAB's default startup state, set here explicitly.
rng(0,'twister');
%base-line parameters
mu=0.02;     %Expected growth rate for Tree A
muB=0.02;    %Expected growth rate for Tree B
sig=0.2;     %Volatility for Tree A
sigB=0.2;    %Volatility for Tree B
rho=0;       %Correlation between trees
del=0.06;    %Representative agent's discount rate
cost=0.622;  %Fraction of unlevered assets lost in bankruptcy
phi=0.15;    %Tax rate
q=0;         %Fraction recovered by equity holders in default
m=0;         %Rollover parameter (1/m is the average maturity of debt)
c=0.4;       %Fixed coupon
omega=1.8;   %The baseline relaxation parameter for the PSOR finite-difference algorithm

%grid sizes
Ny=1001;                   %Number of y=log(X) steps (default 1001)
Ns=501;                    %Number of s steps (default 501)
ymin=-3;                   %Lower limit of y on the grid
ymax=3;                    %Upper limit of y on the grid
y=linspace(ymin,ymax,Ny);  %Defining the Y=ln(X) state space 
s=linspace(0,1,Ns);        %Defining the s state space 
dy=y(2)-y(1);              %Calculating the y-step size
ds=s(2)-s(1);              %Calculating the s-step size 

%This computes the risk-free rate as a function of s
[~,rf] = Equil(Ny,Ns,ymin,ymax,sig,sigB,rho,del,mu,muB); 

%This computes the value of j corresponding to s=0.5
jhalf = round(0.5/ds)+1; 

%This computes the default face value of debt for rollover debt
p=c/rf(jhalf); 

%This computes the value of i corresponding to X=1
ibase = round((log(1)-ymin)/dy)+1; 

%Defines the joint (Y,S) grid for interpolation
[Y,S] = ndgrid(y,s); 

%This defines the parameters needed for the simulations analysis
Tmax = 10;              %The maximum length (in years) of each simulation
Nt = Tmax*252;          %This computes the number of daily time-steps
t=linspace(0,Tmax,Nt);  %This defines the time gridNsim = 20000;
xAl = 0.25;             %This is the lower bound of the uniform distribution for starting xA
xAu = 1.5;              %This is the upper bound of the uniform distribution for starting xA
Nsim = 20000;           %The number of simulations to run
%FOR PANEL A
%This defines the static default boundary
for j=1:Ns
    Bzero(j) = B00(jhalf);
end
{Unrecognized function or variable 'B00'.
} 
load(datafile);

%FOR PANEL A
%This defines the static default boundary
for j=1:Ns
    Bzero(j) = B00(jhalf);
end
Bzero=Bzero';
%This computes an interpolated function for the static default boundary
BoundstatInterp = griddedInterpolant(s,Bzero,'makima','none');
%This computes for the simulated correlation between distance-to-default for the static boundarystatic boundary
[CorDDstat,~,~] = SimulatedCorrelationDDstat(xAstat,xBstat,simsstat,DefAstat,DefBstat,Nt,Nsim,sig,sigB,BoundstatInterp);

%FOR PANEL B
%This defines the static default probability function
for j=1:Ns
    for i=1:Ny
        DP10stat(i,j)=DP10(i,jhalf);
    end
end
{Unrecognized function or variable 'DP10'.
} 

%COMPUTATIONS FOR PANEL A
%This uses the simulation results and computes the default rates, default times, and joint probability rates
[DefRateA,DefRateB,JDefRate,DefRateAstat,DefRateBstat,JDefRatestat,DefRateRatio,DefTimeA,DefTimeB,DefTimeAstat,DefTimeBstat] = DefaultTimes(t,DefA,DefB,DefAstat,DefBstat,Nsim);
%The 1-, 5- and 10-year default rates for the baseline model are as follows:
[DefRateA(1),DefRateA(5),DefRateA(10)]

ans =

    0.0140    0.0629    0.1179


%COMPUTATIONS FOR PANEL B
%This computes the statistics of the distribution for the state variables (s, xA and xB) accross simulations
for j=1:Nsim
    mean_s(j)=mean(sims(:,j));
    median_s(j)=prctile(sims(:,j),50);
    fifth_s(j)=prctile(sims(:,j),5);
    nintyfifth_s(j)=prctile(sims(:,j),95);
    mean_xa(j)=mean(xA(:,j));
    median_xa(j)=prctile(xA(:,j),50);
    fifth_xa(j)=prctile(xA(:,j),5);
    nintyfifth_xa(j)=prctile(xA(:,j),95);
    mean_xb(j)=mean(xB(:,j));
    median_xb(j)=prctile(xB(:,j),50);
    fifth_xb(j)=prctile(xB(:,j),5);
    nintyfifth_xb(j)=prctile(xB(:,j),95);
end
%This outputs the results from Panel B of the table (i.e., the mean of the mean, median, 5th and 95th percentile over all simulations
[mean(mean_s),mean(median_s),mean(fifth_s),mean(nintyfifth_s)]

ans =

    0.4996    0.5000    0.3736    0.6255

[mean(mean_xa),mean(median_xa),mean(fifth_xa),mean(nintyfifth_xa)]

ans =

    0.9522    0.9243    0.6173    1.3793

[mean(mean_xb),mean(median_xb),mean(fifth_xb),mean(nintyfifth_xb)]

ans =

    0.9534    0.9236    0.6178    1.3835


%COMPUTATIONS FOR PANEL C
%--Distance-to-Default--
%This computes an interpolated function for distance to default
BoundInterp = griddedInterpolant(s,B00,'makima','none');
%This computes simulated correlation between the distance-to-defaults
[CorDD,~,~] = SimulatedCorrelationDD(xA,xB,sims,DefA,DefB,Nt,Nsim,sig,sigB,BoundInterp);

%--10-year Default Probability--
%This computes an interpolated function for default probability
DP10 = probP; %This sets the previously computed probability to a new variable. If it was not computed for 10-years previously then rerun the following code:
%[DP10] = PROBDEF(B00,Ny,Ns,Ntprob,10,ymin,ymax,sig,sigB,rho,mu,muB,omega,0); %Last arguement 0 for probability under P and 1 for probability under Q
DP10Interp = griddedInterpolant(Y,S,DP10,'makima','none');
%This computes the simulated correlation between default probability
[CorDP10,~,~] = SimulatedCorrelation(xA,xB,sims,DefA,DefB,Nt,Nsim,Ny,Ns,y,DP10Interp);

%--Leverage--
%This computes an interpolated function for leverage
for i=1:Ny
    for j=1:Ns
        Lev(i,j) = D00(i,j)./(E00(i,j)+D00(i,j));
    end
end
LevInterp = griddedInterpolant(Y,S,Lev,'makima','none');
%This computes the simulated correlation between leverage
[CorLev,~,~] = SimulatedCorrelation(xA,xB,sims,DefA,DefB,Nt,Nsim,Ny,Ns,y,LevInterp);

%--Credit Spreads--
%This computes an interpolated function for the credit spreads (using the debt value D00)
D00Interp = griddedInterpolant(Y,S,D00,'makima','none');
for i=1:Ny
    for j=1:Ns
        CS(i,j) = (c+m*p)*((1/D00(i,j))-(1/D00(Ny,j)))*10000;
    end
end
CSInterp = griddedInterpolant(Y,S,CS,'makima','none');
%This computes the simulated correlation between credit spreads
[CorCS,~,~] = SimulatedCorrelation(xA,xB,sims,DefA,DefB,Nt,Nsim,Ny,Ns,y,CSInterp);

%This resports the mean, median, 5th and 95th percentile for all four quantitites (Panel C)
[mean(CorDD),prctile(CorDD,50),prctile(CorDD,5),prctile(CorDD,95)]         %Distance-to-default

ans =

    0.1006    0.1005    0.0614    0.1398

[mean(CorDP10),prctile(CorDP10,50),prctile(CorDP10,5),prctile(CorDP10,95)] %Default probability

ans =

    0.1088    0.1093    0.0460    0.1677

[mean(CorLev),prctile(CorLev,50),prctile(CorLev,5),prctile(CorLev,95)]     %Leverage

ans =

    0.1483    0.1497    0.1037    0.1889

[mean(CorCS),prctile(CorCS,50),prctile(CorCS,5),prctile(CorCS,95)]         %Credit spreads

ans =

    0.2805    0.2895    0.1300    0.4093


%COMPUTATIONS FOR PANEL D
%--Equity Exces Return--
%This computes an interpolated function for the equity
E00Interp = griddedInterpolant(Y,S,E00,'makima','none');
%This computes the simulated correlation between equity excess returns
[CorEER,~,~] = SimulatedCorrelationEExRet(xA,xB,sims,DefA,DefB,Nt,Nsim,Ny,Ns,y,E00Interp,rf,phi,c,Tmax);

%--Equity Return Volatility--
%This computes an interpolated function for equity volatility
[Evol] = EqVol(Ny,Ns,ymin,ymax,sig,sigB,rho,E00);
EvolInterp = griddedInterpolant(Y,S,Evol,'makima','none');
%This computes the simulated correlation between equity volatilty
[CorEvol,~,~] = SimulatedCorrelation(xA,xB,sims,DefA,DefB,Nt,Nsim,Ny,Ns,y,EvolInterp);

%--Equity Risk Premium--
%This computes an interpolated function for equity risk premium
[ERP] = ERPcalc(Ny,Ns,ymin,ymax,sig,sigB,rho,E00);
ERPInterp = griddedInterpolant(Y,S,ERP,'makima','none');
%This computes the simulated correlation between equity risk premium
[CorERP,~,~] = SimulatedCorrelation(xA,xB,sims,DefA,DefB,Nt,Nsim,Ny,Ns,y,ERPInterp);

%This resports the mean, median, 5th and 95th percentile for all three quantitites (Panel D)
[mean(CorEER),prctile(CorEER,50),prctile(CorEER,5),prctile(CorEER,95)]     %Equity excess return

ans =

    0.1355    0.1543    0.0061    0.2036

[mean(CorEvol),prctile(CorEvol,50),prctile(CorEvol,5),prctile(CorEvol,95)] %Equity return volatility

ans =

    0.2368    0.2198    0.0325    0.5206

[mean(CorERP),prctile(CorERP,50),prctile(CorERP,5),prctile(CorERP,95)]     %Equity risk premium

ans =

    0.3838    0.4121   -0.3759    0.8655

%This creates an interpolated function from the precomputed default probability functions probP and probQ
PInterp = griddedInterpolant(Y,S,probP,'makima','none');
QInterp = griddedInterpolant(Y,S,probQ,'makima','none');

%This computes the P and Q of A and B (at X=1) as s varies
for j=1:Ns
    PA(j)=PInterp(log(1),s(j));
    PB(j)=PInterp(log(1*(1-s(j))/s(j)),1-s(j));
    QA(j)=QInterp(log(1),s(j));
    QB(j)=QInterp(log(1*(1-s(j))/s(j)),1-s(j));
end

%This computes the credit spreads for A and B for the four maturities 
[CSA00,CSB00] = CSpread(Ny,Ns,ymin,ymax,0.4,0,0,D00,1);            %Perpetual
[CSA0,CSB0] = CSpread(Ny,Ns,ymin,ymax,c,1/10,c/rf(jhalf),D0,1);    %10-years
[CSA0M,CSB0M] = CSpread(Ny,Ns,ymin,ymax,c,1/30,c/rf(jhalf),D0M,1); %30-years
[CSA0P,CSB0P] = CSpread(Ny,Ns,ymin,ymax,c,1/5,c/rf(jhalf),D0P,1);  %5-years

%This plots the 2x2 figure
Fig5=figure;
subplot(2,2,1)
plot(s,QA,'-b','LineWidth',2)
hold on
plot(s,PA,':r','LineWidth',2)
patch([s fliplr(s)],[QA fliplr(PA)],'k','EdgeColor','none','FaceAlpha',0.1)
xlim([0.2 0.8])
ylim([0 0.06])
ylabel('Default probability')
title('(A) Default probabilities for tree A')
leg = legend({'$\mathcal{Q}$','$\mathcal{P}$','\textrm{Default risk premium}'},'Location','northwest');
set(leg,'Interpreter','latex');
legend('boxoff')

subplot(2,2,2)
plot(s,QB,'-b','LineWidth',2)
hold on
plot(s,PB,':r','LineWidth',2)
vB = ~isnan(QB) & ~isnan(PB);   % drop NaNs (PB/QB undefined where log((1-s)/s) leaves the grid) so the fill renders
patch([s(vB) fliplr(s(vB))],[QB(vB) fliplr(PB(vB))],'k','EdgeColor','none','FaceAlpha',0.1)
xlim([0.2 0.8])
ylim([0 0.9])
title('(B) Default probabilities for tree B')
leg = legend({'$\mathcal{Q}$','$\mathcal{P}$','\textrm{Default risk premium}'},'Location','northwest');
set(leg,'Interpreter','latex');
legend('boxoff')

%FIG-5c:
subplot(2,2,3)
plot(s,CSA00,'-b','LineWidth',2)
hold on
plot(s,CSA0M,'--','LineWidth',2,'color',[0 0.5 0])
plot(s,CSA0,'-.k','LineWidth',2)
plot(s,CSA0P,':r','LineWidth',2)
xlim([0.2 0.8])
ylim([0 280])
ylabel('Credit spread (bps)')
xlabel('Share of tree A')
title('(C) CS of tree A (by maturity)')
legend({'Baseline (perpetual)','Long maturity (30-year)','Medium maturity (10-year)','Short maturity (5-year)'},'Location','northwest')
legend('boxoff')

%FIG-5d:
subplot(2,2,4)
plot(s,CSB00,'-b','LineWidth',2)
hold on
plot(s,CSB0M,'--','LineWidth',2,'color',[0 0.5 0])
plot(s,CSB0,'-.k','LineWidth',2)
plot(s,CSB0P,':r','LineWidth',2)
xlim([0.2 0.8])
ylim([0 280])
xlabel('Share of tree A')
title('(D) CS of tree B (by maturity)')

set(Fig5,'Units','inches')
set(Fig5,'Position',[25 2 8 6.33])
theme(Fig5,'light')
exportgraphics(Fig5,fullfile(figdir,'Fig5.pdf'),'BackgroundColor','none')

%FOR PANEL A
%This defines the static default boundary
for j=1:Ns
    Bzero(j) = B00(jhalf);
end
Bzero=Bzero';
%This computes an interpolated function for the static default boundary
BoundstatInterp = griddedInterpolant(s,Bzero,'makima','none');
%This computes for the simulated correlation between distance-to-default for the static boundarystatic boundary
[CorDDstat,~,~] = SimulatedCorrelationDDstat(xAstat,xBstat,simsstat,DefAstat,DefBstat,Nt,Nsim,sig,sigB,BoundstatInterp);

%FOR PANEL B
%This defines the static default probability function
for j=1:Ns
    for i=1:Ny
        DP10stat(i,j)=DP10(i,jhalf);
    end
end
DP10statInterp = griddedInterpolant(Y,S,DP10stat,'makima','none');
%This computes the simulated correlation between default probability for the static boundary
[CorDP10stat,DPA10statsim,DPB10statsim] = SimulatedCorrelation(xAstat,xBstat,simsstat,DefAstat,DefBstat,Nt,Nsim,Ny,Ns,y,DP10statInterp);

%FOR PANEL C
%This computes the function with a slice at s=0.5 (static Lev)
for i=1:Ny
    for j=1:Ns
        Levstat(i,j) = Lev(i,jhalf);
    end
end
LevInterpstat = griddedInterpolant(Y,S,Levstat,'makima','none');
%This computes the simulated correlation between leverage for the static boundary
[CorLevstat,LevAstatsim,LevBstatsim] = SimulatedCorrelation(xAstat,xBstat,simsstat,DefAstat,DefBstat,Nt,Nsim,Ny,Ns,y,LevInterpstat);

%FOR PANEL D
%This computes the function with a slice at s=0.5 (static CS)
for i=1:Ny
    for j=1:Ns
        CSstat(i,j) = CS(i,jhalf);
    end
end
CSInterpstat = griddedInterpolant(Y,S,CSstat,'makima','none');
%This computes the simulated correlation between credit spreads for the static boundary
[CorCSstat,CSAstatsim,CSBstatsim] = SimulatedCorrelation(xAstat,xBstat,simsstat,DefAstat,DefBstat,Nt,Nsim,Ny,Ns,y,CSInterpstat);

%This plots the 2x2 figure of the histograms
%NOTE: the non-static boundary simulation results should have already been computed when producing Table 2 so make sure the computations for this table are run first
FigOA2=figure;
%FIG-a:
subplot(2,2,1)
histogram(CorDD,'BinWidth',0.0075)
hold on
histogram(CorDDstat,'BinWidth',0.0075,'FaceAlpha',0.2)
xlim([-0.1,0.25])
ylim([0 3100])
line([mean(CorDD),mean(CorDD)],ylim,'Color','b','LineWidth',1);
line([mean(CorDDstat),mean(CorDDstat)],ylim,'Color','r','LineWidth',1);
ylabel('Frequency')
title('(A) Distance-to-default')

%FIG-b:
subplot(2,2,2)
histogram(CorDP10,'BinWidth',0.0075)
hold on
histogram(CorDP10stat,'BinWidth',0.0075,'FaceAlpha',0.2)
xlim([-0.1,0.25])
ylim([0 3100])
line([mean(CorDP10),mean(CorDP10)],ylim,'Color','b','LineWidth',1);
line([mean(CorDP10stat),mean(CorDP10stat)],ylim,'Color','r','LineWidth',1);
title('(B) 10-year default probability')

%FIG-c:
subplot(2,2,3)
histogram(CorLev,'BinWidth',0.0075)
hold on
histogram(CorLevstat,'BinWidth',0.0075,'FaceAlpha',0.2)
xlim([-0.1,0.25])
ylim([0 3100])
line([mean(CorLev),mean(CorLev)],ylim,'Color','b','LineWidth',1);
line([mean(CorLevstat),mean(CorLevstat)],ylim,'Color','r','LineWidth',1);
ylabel('Frequency')
xlabel('Correlation')
title('(C) Leverage')

%FIG-d:
subplot(2,2,4)
histogram(CorCS,'BinWidth',0.0075)
hold on
histogram(CorCSstat,'BinWidth',0.0075,'FaceAlpha',0.2)
xlim([-0.1,0.5])
ylim([0 3100])
line([mean(CorCS),mean(CorCS)],ylim,'Color','b','LineWidth',1);
line([mean(CorCSstat),mean(CorCSstat)],ylim,'Color','r','LineWidth',1);
xlabel('Correlation')
title('(D) Credit spread')
legend({'Stochastic boundary','Static boundary'},'Location','northeast')

set(FigOA2,'Units','inches')
set(FigOA2,'Position',[25 2 8 6.33])
theme(FigOA2,'light')
exportgraphics(FigOA2,fullfile(figdir,'FigOA2.pdf'),'BackgroundColor','none')


%This computes the correlation between distance-to-defaults using the function 'CorrEst', using the computed default boundary 
jdelfit = 80;
jdel = 40;
order = 6;
jmin = round(0.2/ds)+1; 
jmax = round(0.8/ds)+1; 
[Corrm09] = CorrEst(Bcorm09,Ns,0.2,0.8,jdelfit,jdel,order,-0.9);
[Corrm08] = CorrEst(Bcorm08,Ns,0.2,0.8,jdelfit,jdel,order,-0.8);
[Corrm07] = CorrEst(Bcorm07,Ns,0.2,0.8,jdelfit,jdel,order,-0.7);
[Corrm06] = CorrEst(Bcorm06,Ns,0.2,0.8,jdelfit,jdel,order,-0.6);
[Corrm05] = CorrEst(Bcorm05,Ns,0.2,0.8,jdelfit,jdel,order,-0.5);
[Corrm04] = CorrEst(Bcorm04,Ns,0.2,0.8,jdelfit,jdel,order,-0.4);
[Corrm03] = CorrEst(Bcorm03,Ns,0.2,0.8,jdelfit,jdel,order,-0.3);
[Corrm02] = CorrEst(Bcorm02,Ns,0.2,0.8,jdelfit,jdel,order,-0.2);
[Corrm01] = CorrEst(Bcorm01,Ns,0.2,0.8,jdelfit,jdel,order,-0.1);
[Corr00] = CorrEst(B00,Ns,0.2,0.8,jdelfit,jdel,order,0);
[Corrp01] = CorrEst(Bcorp01,Ns,0.2,0.8,jdelfit,jdel,order,0.1);
[Corrp02] = CorrEst(Bcorp02,Ns,0.2,0.8,jdelfit,jdel,order,0.2);
[Corrp03] = CorrEst(Bcorp03,Ns,0.2,0.8,jdelfit,jdel,order,0.3);
[Corrp04] = CorrEst(Bcorp04,Ns,0.2,0.8,jdelfit,jdel,order,0.4);
[Corrp05] = CorrEst(Bcorp05,Ns,0.2,0.8,jdelfit,jdel,order,0.5);
[Corrp06] = CorrEst(Bcorp06,Ns,0.2,0.8,jdelfit,jdel,order,0.6);
[Corrp07] = CorrEst(Bcorp07,Ns,0.2,0.8,jdelfit,jdel,order,0.7);
[Corrp08] = CorrEst(Bcorp08,Ns,0.2,0.8,jdelfit,jdel,order,0.8);
[Corrp09] = CorrEst(Bcorp09,Ns,0.2,0.8,jdelfit,jdel,order,0.9);

%This plots the correlation between distance-to-defaults as rho is changed for various values of share (s)
%Defining the values of s to compute at (0.5, 0.2, and 0.35)
jhalf = round(0.5/ds)+1; 
j020 = round(0.20/ds)+1;
j035 = round(0.35/ds)+1;
%Creating the list of rho and excess correlation values for the plot
rhoplot=[-1,-0.9,-0.8,-0.7,-0.6,-0.5,-0.4,-0.3,-0.2,-0.1,0,0.1,0.2,0.3,0.4,0.5,0.6,0.7,0.8,0.9,