Step 1 build started 2026-06-25 08:38:58

=== Running iclink.py (08:38:58) ===
/Users/lucielu/uv-envs/EGJL_Replication/lib/python3.11/site-packages/fuzzywuzzy/fuzz.py:11: UserWarning: Using slow pure-python SequenceMatcher. Install python-Levenshtein to remove this warning
  warnings.warn('Using slow pure-python SequenceMatcher. Install python-Levenshtein to remove this warning')
Loading library list...
Done
--- Finished iclink.py (exit 0, 08:39:59) ---

=== Running MakeMainDataFile_V1.py (08:39:59) ===
/Users/lucielu/Library/CloudStorage/Dropbox/TwoTrees_EGJL/EGJL_Replication/code/python/MakeMainDataFile_V1.py:69: PerformanceWarning: 
your performance may suffer as PyTables will pickle object types that it cannot
map directly to c-types [inferred_type->mixed,key->block3_values] [items->Index(['gvkey', 'rdq', 'datafqtr'], dtype='object')]

  compQ.to_hdf(path+r'Data/comp_quarter.hdf',
Loading library list...
Done
March
0
1
2
3
4
5
6
7
Apr
0
Feb
0

  0%|          | 0/41179 [00:00<?, ?it/s]
  5%|▌         | 2115/41179 [00:00<00:01, 21148.51it/s]
 12%|█▏        | 4824/41179 [00:00<00:01, 24639.51it/s]
 18%|█▊        | 7288/41179 [00:00<00:01, 22717.53it/s]
 24%|██▍       | 10039/41179 [00:00<00:01, 24514.70it/s]
 30%|███       | 12510/41179 [00:00<00:01, 22473.33it/s]
 37%|███▋      | 15268/41179 [00:00<00:01, 24071.07it/s]
 43%|████▎     | 17712/41179 [00:00<00:01, 21548.24it/s]
 50%|████▉     | 20437/41179 [00:00<00:00, 23154.72it/s]
 55%|█████▌    | 22816/41179 [00:01<00:00, 20877.47it/s]
 62%|██████▏   | 25689/41179 [00:01<00:00, 22984.82it/s]
 69%|██████▉   | 28387/41179 [00:01<00:00, 24091.18it/s]
 75%|███████▍  | 30866/41179 [00:01<00:00, 20558.79it/s]
 82%|████████▏ | 33614/41179 [00:01<00:00, 22325.83it/s]
 89%|████████▊ | 36473/41179 [00:01<00:00, 24000.14it/s]
 95%|█████████▍| 38981/41179 [00:01<00:00, 19660.05it/s]
100%|██████████| 41179/41179 [00:02<00:00, 20017.47it/s]

  0%|          | 0/41179 [00:00<?, ?it/s]
  6%|▌         | 2333/41179 [00:00<00:01, 23322.52it/s]
 13%|█▎        | 5176/41179 [00:00<00:01, 26326.20it/s]
 19%|█▉        | 7809/41179 [00:00<00:01, 24037.94it/s]
 26%|██▌       | 10689/41179 [00:00<00:01, 25809.32it/s]
 32%|███▏      | 13294/41179 [00:00<00:01, 23395.29it/s]
 39%|███▉      | 16087/41179 [00:00<00:01, 24793.55it/s]
 45%|████▌     | 18610/41179 [00:00<00:01, 22266.01it/s]
 52%|█████▏    | 21499/41179 [00:00<00:00, 24127.64it/s]
 58%|█████▊    | 23981/41179 [00:01<00:00, 21384.21it/s]
 65%|██████▌   | 26832/41179 [00:01<00:00, 23266.52it/s]
 71%|███████▏  | 29368/41179 [00:01<00:00, 20363.66it/s]
 78%|███████▊  | 32058/41179 [00:01<00:00, 22002.22it/s]
 85%|████████▍ | 34855/41179 [00:01<00:00, 23573.81it/s]
 91%|█████████▏| 37656/41179 [00:01<00:00, 24783.10it/s]
 98%|█████████▊| 40222/41179 [00:01<00:00, 19941.80it/s]
100%|██████████| 41179/41179 [00:02<00:00, 20356.56it/s]

  0%|          | 0/41179 [00:00<?, ?it/s]
  6%|▌         | 2314/41179 [00:00<00:01, 23133.95it/s]
 12%|█▏        | 5055/41179 [00:00<00:01, 25647.33it/s]
 19%|█▊        | 7620/41179 [00:00<00:01, 23601.35it/s]
 25%|██▌       | 10437/41179 [00:00<00:01, 25313.63it/s]
 32%|███▏      | 12989/41179 [00:00<00:01, 23383.30it/s]
 38%|███▊      | 15676/41179 [00:00<00:01, 24479.79it/s]
 44%|████▍     | 18154/41179 [00:00<00:01, 21835.57it/s]
 51%|█████     | 20978/41179 [00:00<00:00, 23639.67it/s]
 57%|█████▋    | 23407/41179 [00:01<00:00, 20986.26it/s]
 64%|██████▎   | 26201/41179 [00:01<00:00, 22832.12it/s]
 70%|███████   | 29008/41179 [00:01<00:00, 24272.50it/s]
 77%|███████▋  | 31514/41179 [00:01<00:00, 19564.48it/s]
 83%|████████▎ | 34301/41179 [00:01<00:00, 21586.75it/s]
 91%|█████████ | 37467/41179 [00:01<00:00, 24182.13it/s]
 97%|█████████▋| 40057/41179 [00:01<00:00, 19806.91it/s]
100%|██████████| 41179/41179 [00:02<00:00, 20179.24it/s]

  0%|          | 0/41179 [00:00<?, ?it/s]
  7%|▋         | 2770/41179 [00:00<00:01, 27698.05it/s]
 15%|█▍        | 5987/41179 [00:00<00:01, 30325.49it/s]
 22%|██▏       | 9020/41179 [00:00<00:01, 27016.81it/s]
 29%|██▉       | 11856/41179 [00:00<00:01, 24562.23it/s]
 37%|███▋      | 15087/41179 [00:00<00:00, 27032.69it/s]
 43%|████▎     | 17852/41179 [00:00<00:00, 23717.28it/s]
 51%|█████     | 20997/41179 [00:00<00:00, 25884.20it/s]
 58%|█████▊    | 23683/41179 [00:00<00:00, 22328.08it/s]
 65%|██████▌   | 26787/41179 [00:01<00:00, 24554.53it/s]
 72%|███████▏  | 29843/41179 [00:01<00:00, 26171.46it/s]
 79%|███████▉  | 32579/41179 [00:01<00:00, 21979.16it/s]
 87%|████████▋ | 35725/41179 [00:01<00:00, 24326.99it/s]
 94%|█████████▍| 38756/41179 [00:01<00:00, 25889.64it/s]
100%|██████████| 41179/41179 [00:01<00:00, 21348.19it/s]

  0%|          | 0/41179 [00:00<?, ?it/s]
  6%|▋         | 2604/41179 [00:00<00:01, 26010.32it/s]
 14%|█▎        | 5570/41179 [00:00<00:01, 28155.17it/s]
 20%|██        | 8386/41179 [00:00<00:01, 25561.24it/s]
 28%|██▊       | 11411/41179 [00:00<00:01, 27302.67it/s]
 34%|███▍      | 14168/41179 [00:00<00:01, 24406.20it/s]
 42%|████▏     | 17364/41179 [00:00<00:00, 26718.68it/s]
 49%|████▉     | 20099/41179 [00:00<00:00, 23211.78it/s]
 57%|█████▋    | 23275/41179 [00:00<00:00, 25541.76it/s]
 63%|██████▎   | 25941/41179 [00:01<00:00, 21427.70it/s]
 70%|███████   | 28864/41179 [00:01<00:00, 23370.63it/s]
 77%|███████▋  | 31845/41179 [00:01<00:00, 25060.88it/s]
 84%|████████▍ | 34493/41179 [00:01<00:00, 19634.34it/s]
 91%|█████████ | 37495/41179 [00:01<00:00, 22033.75it/s]
 98%|█████████▊| 40449/41179 [00:01<00:00, 23895.69it/s]
100%|██████████| 41179/41179 [00:02<00:00, 19991.78it/s]

  0%|          | 0/41179 [00:00<?, ?it/s]
  6%|▌         | 2532/41179 [00:00<00:01, 25313.14it/s]
 13%|█▎        | 5397/41179 [00:00<00:01, 27275.49it/s]
 20%|██        | 8395/41179 [00:00<00:01, 28510.20it/s]
 28%|██▊       | 11346/41179 [00:00<00:01, 28903.87it/s]
 35%|███▍      | 14237/41179 [00:00<00:01, 23938.89it/s]
 41%|████      | 16961/41179 [00:00<00:01, 20884.87it/s]
 49%|████▊     | 19986/41179 [00:00<00:00, 23351.74it/s]
 55%|█████▌    | 22757/41179 [00:00<00:00, 20687.44it/s]
 63%|██████▎   | 25836/41179 [00:01<00:00, 23190.36it/s]
 70%|██████▉   | 28806/41179 [00:01<00:00, 24890.79it/s]
 76%|███████▋  | 31442/41179 [00:01<00:00, 20692.69it/s]
 83%|████████▎ | 34273/41179 [00:01<00:00, 22528.96it/s]
 91%|█████████ | 37394/41179 [00:01<00:00, 24752.28it/s]
 97%|█████████▋| 40042/41179 [00:01<00:00, 19286.82it/s]
100%|██████████| 41179/41179 [00:02<00:00, 20203.63it/s]
/Users/lucielu/uv-envs/EGJL_Replication/lib/python3.11/site-packages/pandas/core/nanops.py:1016: RuntimeWarning: invalid value encountered in subtract
  sqr = _ensure_numeric((avg - values) ** 2)
/Users/lucielu/uv-envs/EGJL_Replication/lib/python3.11/site-packages/numpy/core/_methods.py:49: RuntimeWarning: invalid value encountered in reduce
  return umr_sum(a, axis, dtype, out, keepdims, initial, where)
/Users/lucielu/Library/CloudStorage/Dropbox/TwoTrees_EGJL/EGJL_Replication/code/python/MakeMainDataFile_V1.py:852: PerformanceWarning: 
your performance may suffer as PyTables will pickle object types that it cannot
map directly to c-types [inferred_type->mixed,key->block3_values] [items->Index(['issuernm', 'gvkey', 'ticker'], dtype='object')]

  .to_hdf(path+f'Data/raw_data.hdf',
count    1.282780e+06
mean     8.991422e+01
std      2.477812e+01
min      5.900000e+01
25%      6.100000e+01
50%      9.100000e+01
75%      1.210000e+02
max      1.230000e+02
Name: horizon1Q, dtype: float64
1
0
2
0
3
0
4
0
5
0
6
0
7
0
8
0
9
0
10
0
11
0
12
0
1
2
3
4
5
6
count    1.267175e+06
mean              inf
std               NaN
min     -3.542334e+02
25%      2.129033e-03
50%      1.022964e-02
75%      2.168345e-02
max               inf
Name: earn1q_at, dtype: float64
count    2.161337e+06
mean              NaN
std               NaN
min              -inf
25%      2.758990e-01
50%      7.631863e-01
75%      1.323814e+00
max               inf
Name: sales_at, dtype: float64
--- Finished MakeMainDataFile_V1.py (exit 0, 08:53:43) ---

=== Running MakeSIGMA.py (08:53:43) ===
Loading library list...
Done
--- Finished MakeSIGMA.py (exit 0, 09:30:57) ---

=== Running MakePROB.py (09:30:57) ===
/Users/lucielu/uv-envs/EGJL_Replication/lib/python3.11/site-packages/pandas/core/arraylike.py:399: RuntimeWarning: divide by zero encountered in log
  result = getattr(ufunc, method)(*inputs, **kwargs)
/Users/lucielu/uv-envs/EGJL_Replication/lib/python3.11/site-packages/pandas/core/arraylike.py:399: RuntimeWarning: divide by zero encountered in log
  result = getattr(ufunc, method)(*inputs, **kwargs)
Loading library list...
Done
--- Finished MakePROB.py (exit 0, 09:31:26) ---

=== Running MakeCreditSpread.py (09:31:26) ===
/Users/lucielu/Library/CloudStorage/Dropbox/TwoTrees_EGJL/EGJL_Replication/code/python/MakeCreditSpread.py:46: SettingWithCopyWarning: 
A value is trying to be set on a copy of a slice from a DataFrame.
Try using .loc[row_indexer,col_indexer] = value instead

See the caveats in the documentation: https://pandas.pydata.org/pandas-docs/stable/user_guide/indexing.html#returning-a-view-versus-a-copy
  BOND_id['date'] = pd.to_datetime(BOND_id['date'], errors='coerce')
/Users/lucielu/Library/CloudStorage/Dropbox/TwoTrees_EGJL/EGJL_Replication/code/python/MakeCreditSpread.py:77: DeprecationWarning: DataFrameGroupBy.apply operated on the grouping columns. This behavior is deprecated, and in a future version of pandas the grouping columns will be excluded from the operation. Either pass `include_groups=False` to exclude the groupings or explicitly select the grouping columns after groupby to silence this warning.
  CS10y=filtered_WRDS_BOND.groupby(['permno','date'], group_keys=False).apply(
/Users/lucielu/Library/CloudStorage/Dropbox/TwoTrees_EGJL/EGJL_Replication/code/python/MakeCreditSpread.py:92: DeprecationWarning: DataFrameGroupBy.apply operated on the grouping columns. This behavior is deprecated, and in a future version of pandas the grouping columns will be excluded from the operation. Either pass `include_groups=False` to exclude the groupings or explicitly select the grouping columns after groupby to silence this warning.
  CS5y=filtered_WRDS_BOND.groupby(['permno','date'], group_keys=False).apply(
--- Finished MakeCreditSpread.py (exit 0, 09:32:18) ---

=== Running MakePortfolios_v2.py (09:32:18) ===

  0%|          | 0/20787 [00:00<?, ?it/s]
  1%|          | 138/20787 [00:00<00:14, 1379.38it/s]
  2%|▏         | 348/20787 [00:00<00:11, 1797.87it/s]
  3%|▎         | 577/20787 [00:00<00:10, 2019.48it/s]
  4%|▍         | 814/20787 [00:00<00:09, 2155.76it/s]
  5%|▌         | 1062/20787 [00:00<00:08, 2271.97it/s]
  6%|▌         | 1290/20787 [00:00<00:08, 2258.65it/s]
  7%|▋         | 1516/20787 [00:00<00:08, 2249.90it/s]
  8%|▊         | 1742/20787 [00:00<00:08, 2242.97it/s]
  9%|▉         | 1967/20787 [00:00<00:08, 2234.94it/s]
 11%|█         | 2191/20787 [00:01<00:08, 2228.89it/s]
 12%|█▏        | 2421/20787 [00:01<00:08, 2250.03it/s]
 13%|█▎        | 2647/20787 [00:01<00:08, 2206.65it/s]
 14%|█▍        | 2868/20787 [00:01<00:08, 2192.17it/s]
 15%|█▍        | 3088/20787 [00:01<00:08, 2192.59it/s]
 16%|█▌        | 3308/20787 [00:01<00:08, 2042.75it/s]
 17%|█▋        | 3574/20787 [00:01<00:07, 2216.82it/s]
 18%|█▊        | 3799/20787 [00:01<00:07, 2205.91it/s]
 19%|█▉        | 4043/20787 [00:01<00:07, 2272.51it/s]
 21%|██        | 4288/20787 [00:01<00:07, 2324.18it/s]
 22%|██▏       | 4538/20787 [00:02<00:06, 2374.46it/s]
 23%|██▎       | 4790/20787 [00:02<00:06, 2417.51it/s]
 24%|██▍       | 5049/20787 [00:02<00:06, 2468.06it/s]
 26%|██▌       | 5310/20787 [00:02<00:06, 2509.94it/s]
 27%|██▋       | 5581/20787 [00:02<00:05, 2568.53it/s]
 28%|██▊       | 5852/20787 [00:02<00:05, 2609.00it/s]
 29%|██▉       | 6114/20787 [00:02<00:05, 2522.20it/s]
 31%|███       | 6367/20787 [00:02<00:05, 2408.56it/s]
 32%|███▏      | 6610/20787 [00:02<00:06, 2126.19it/s]
 33%|███▎      | 6829/20787 [00:03<00:06, 2123.13it/s]
 34%|███▍      | 7046/20787 [00:03<00:06, 2119.56it/s]
 35%|███▍      | 7262/20787 [00:03<00:06, 2072.84it/s]
 36%|███▌      | 7472/20787 [00:03<00:06, 2043.34it/s]
 37%|███▋      | 7678/20787 [00:03<00:06, 1989.11it/s]
 38%|███▊      | 7878/20787 [00:03<00:06, 1932.79it/s]
 39%|███▉      | 8087/20787 [00:03<00:06, 1975.27it/s]
 40%|███▉      | 8286/20787 [00:03<00:06, 1924.69it/s]
 41%|████      | 8489/20787 [00:03<00:06, 1953.08it/s]
 42%|████▏     | 8700/20787 [00:03<00:06, 1995.77it/s]
 43%|████▎     | 8901/20787 [00:04<00:06, 1949.92it/s]
 44%|████▍     | 9116/20787 [00:04<00:05, 2005.09it/s]
 45%|████▍     | 9320/20787 [00:04<00:05, 2014.53it/s]
 46%|████▌     | 9534/20787 [00:04<00:05, 2050.90it/s]
 47%|████▋     | 9752/20787 [00:04<00:05, 2087.50it/s]
 48%|████▊     | 9962/20787 [00:04<00:05, 1973.99it/s]
 49%|████▉     | 10185/20787 [00:04<00:05, 2046.30it/s]
 50%|█████     | 10412/20787 [00:04<00:04, 2110.57it/s]
 51%|█████     | 10643/20787 [00:04<00:04, 2166.62it/s]
 52%|█████▏    | 10861/20787 [00:05<00:04, 2162.43it/s]
 53%|█████▎    | 11101/20787 [00:05<00:04, 2231.25it/s]
 54%|█████▍    | 11325/20787 [00:05<00:04, 2196.30it/s]
 56%|█████▌    | 11546/20787 [00:05<00:04, 2185.47it/s]
 57%|█████▋    | 11768/20787 [00:05<00:04, 2190.42it/s]
 58%|█████▊    | 11988/20787 [00:05<00:04, 2180.12it/s]
 59%|█████▉    | 12218/20787 [00:05<00:03, 2214.64it/s]
 60%|█████▉    | 12444/20787 [00:05<00:03, 2225.13it/s]
 61%|██████    | 12667/20787 [00:05<00:03, 2212.16it/s]
 62%|██████▏   | 12900/20787 [00:05<00:03, 2245.67it/s]
 63%|██████▎   | 13125/20787 [00:06<00:03, 2000.95it/s]
 64%|██████▍   | 13358/20787 [00:06<00:03, 2090.75it/s]
 65%|██████▌   | 13590/20787 [00:06<00:03, 2155.04it/s]
 67%|██████▋   | 13827/20787 [00:06<00:03, 2214.60it/s]
 68%|██████▊   | 14062/20787 [00:06<00:02, 2252.97it/s]
 69%|██████▉   | 14293/20787 [00:06<00:02, 2267.67it/s]
 70%|██████▉   | 14534/20787 [00:06<00:02, 2307.92it/s]
 71%|███████   | 14766/20787 [00:06<00:02, 2275.07it/s]
 72%|███████▏  | 15006/20787 [00:06<00:02, 2311.13it/s]
 73%|███████▎  | 15262/20787 [00:06<00:02, 2384.66it/s]
 75%|███████▍  | 15502/20787 [00:07<00:02, 2377.68it/s]
 76%|███████▌  | 15750/20787 [00:07<00:02, 2406.56it/s]
 77%|███████▋  | 15991/20787 [00:07<00:02, 2375.88it/s]
 78%|███████▊  | 16229/20787 [00:07<00:01, 2366.86it/s]
 79%|███████▉  | 16474/20787 [00:07<00:01, 2389.46it/s]
 80%|████████  | 16714/20787 [00:07<00:01, 2387.40it/s]
 82%|████████▏ | 16953/20787 [00:07<00:01, 2352.11it/s]
 83%|████████▎ | 17189/20787 [00:07<00:01, 2350.40it/s]
 84%|████████▍ | 17425/20787 [00:07<00:01, 2079.57it/s]
 85%|████████▍ | 17663/20787 [00:08<00:01, 2160.98it/s]
 86%|████████▌ | 17900/20787 [00:08<00:01, 2218.34it/s]
 87%|████████▋ | 18139/20787 [00:08<00:01, 2266.75it/s]
 88%|████████▊ | 18377/20787 [00:08<00:01, 2295.78it/s]
 90%|████████▉ | 18609/20787 [00:08<00:00, 2301.31it/s]
 91%|█████████ | 18841/20787 [00:08<00:00, 2250.41it/s]
 92%|█████████▏| 19068/20787 [00:08<00:00, 2238.19it/s]
 93%|█████████▎| 19294/20787 [00:08<00:00, 2242.47it/s]
 94%|█████████▍| 19522/20787 [00:08<00:00, 2251.83it/s]
 95%|█████████▌| 19758/20787 [00:08<00:00, 2282.41it/s]
 96%|█████████▌| 19995/20787 [00:09<00:00, 2306.55it/s]
 97%|█████████▋| 20232/20787 [00:09<00:00, 2324.26it/s]
 98%|█████████▊| 20471/20787 [00:09<00:00, 2339.94it/s]
100%|█████████▉| 20710/20787 [00:09<00:00, 2352.82it/s]
100%|██████████| 20787/20787 [00:09<00:00, 2167.94it/s]
/Users/lucielu/uv-envs/EGJL_Replication/lib/python3.11/site-packages/pandas/core/arraylike.py:399: RuntimeWarning: divide by zero encountered in log1p
  result = getattr(ufunc, method)(*inputs, **kwargs)

  0%|          | 0/20787 [00:00<?, ?it/s]
  0%|          | 73/20787 [00:00<00:28, 727.67it/s]
  1%|          | 257/20787 [00:00<00:14, 1375.57it/s]
  2%|▏         | 432/20787 [00:00<00:13, 1545.27it/s]
  3%|▎         | 616/20787 [00:00<00:12, 1658.04it/s]
  4%|▍         | 782/20787 [00:00<00:12, 1612.39it/s]
  5%|▍         | 944/20787 [00:00<00:12, 1600.29it/s]
  5%|▌         | 1105/20787 [00:00<00:12, 1582.62it/s]
  6%|▌         | 1272/20787 [00:00<00:12, 1607.58it/s]
  7%|▋         | 1451/20787 [00:00<00:11, 1663.41it/s]
  8%|▊         | 1631/20787 [00:01<00:11, 1703.79it/s]
  9%|▊         | 1802/20787 [00:01<00:11, 1675.96it/s]
  9%|▉         | 1974/20787 [00:01<00:11, 1687.28it/s]
 10%|█         | 2148/20787 [00:01<00:10, 1701.46it/s]
 11%|█▏        | 2341/20787 [00:01<00:10, 1768.37it/s]
 12%|█▏        | 2529/20787 [00:01<00:10, 1801.13it/s]
 13%|█▎        | 2726/20787 [00:01<00:09, 1850.63it/s]
 14%|█▍        | 2926/20787 [00:01<00:09, 1891.05it/s]
 15%|█▍        | 3118/20787 [00:01<00:09, 1895.14it/s]
 16%|█▌        | 3331/20787 [00:01<00:08, 1964.56it/s]
 17%|█▋        | 3539/20787 [00:02<00:08, 1998.39it/s]
 18%|█▊        | 3751/20787 [00:02<00:08, 2034.36it/s]
 19%|█▉        | 3961/20787 [00:02<00:08, 2051.43it/s]
 20%|██        | 4168/20787 [00:02<00:08, 2054.98it/s]
 21%|██        | 4388/20787 [00:02<00:07, 2095.56it/s]
 22%|██▏       | 4606/20787 [00:02<00:07, 2119.40it/s]
 23%|██▎       | 4818/20787 [00:02<00:07, 2099.76it/s]
 24%|██▍       | 5029/20787 [00:02<00:09, 1655.97it/s]
 25%|██▌       | 5230/20787 [00:02<00:08, 1743.15it/s]
 26%|██▌       | 5437/20787 [00:03<00:08, 1827.89it/s]
 27%|██▋       | 5635/20787 [00:03<00:08, 1867.97it/s]
 28%|██▊       | 5837/20787 [00:03<00:07, 1907.38it/s]
 29%|██▉       | 6035/20787 [00:03<00:07, 1925.07it/s]
 30%|███       | 6244/20787 [00:03<00:07, 1970.79it/s]
 31%|███       | 6444/20787 [00:03<00:07, 1932.24it/s]
 32%|███▏      | 6640/20787 [00:03<00:07, 1880.94it/s]
 33%|███▎      | 6830/20787 [00:03<00:07, 1819.85it/s]
 34%|███▎      | 7014/20787 [00:03<00:07, 1808.76it/s]
 35%|███▍      | 7196/20787 [00:03<00:07, 1805.02it/s]
 35%|███▌      | 7378/20787 [00:04<00:09, 1453.81it/s]
 36%|███▋      | 7555/20787 [00:04<00:08, 1529.41it/s]
 37%|███▋      | 7737/20787 [00:04<00:08, 1604.53it/s]
 38%|███▊      | 7905/20787 [00:04<00:07, 1617.56it/s]
 39%|███▉      | 8091/20787 [00:04<00:07, 1683.91it/s]
 40%|███▉      | 8264/20787 [00:04<00:07, 1680.22it/s]
 41%|████      | 8437/20787 [00:04<00:07, 1692.81it/s]
 41%|████▏     | 8621/20787 [00:04<00:07, 1730.27it/s]
 42%|████▏     | 8796/20787 [00:04<00:07, 1683.86it/s]
 43%|████▎     | 8966/20787 [00:05<00:07, 1598.77it/s]
 44%|████▍     | 9145/20787 [00:05<00:07, 1652.22it/s]
 45%|████▍     | 9312/20787 [00:05<00:06, 1641.66it/s]
 46%|████▌     | 9489/20787 [00:05<00:06, 1678.31it/s]
 47%|████▋     | 9667/20787 [00:05<00:06, 1705.49it/s]
 47%|████▋     | 9851/20787 [00:05<00:06, 1742.38it/s]
 48%|████▊     | 10035/20787 [00:05<00:06, 1769.53it/s]
 49%|████▉     | 10213/20787 [00:05<00:07, 1347.64it/s]
 50%|█████     | 10406/20787 [00:05<00:06, 1488.79it/s]
 51%|█████     | 10592/20787 [00:06<00:06, 1584.39it/s]
 52%|█████▏    | 10786/20787 [00:06<00:05, 1677.94it/s]
 53%|█████▎    | 10976/20787 [00:06<00:05, 1739.36it/s]
 54%|█████▎    | 11168/20787 [00:06<00:05, 1788.07it/s]
 55%|█████▍    | 11352/20787 [00:06<00:05, 1780.82it/s]
 56%|█████▌    | 11539/20787 [00:06<00:05, 1806.53it/s]
 56%|█████▋    | 11729/20787 [00:06<00:04, 1829.24it/s]
 57%|█████▋    | 11914/20787 [00:06<00:04, 1827.14it/s]
 58%|█████▊    | 12109/20787 [00:06<00:04, 1862.05it/s]
 59%|█████▉    | 12314/20787 [00:07<00:04, 1916.95it/s]
 60%|██████    | 12507/20787 [00:07<00:04, 1874.56it/s]
 61%|██████    | 12696/20787 [00:07<00:04, 1859.83it/s]
 62%|██████▏   | 12886/20787 [00:07<00:04, 1871.42it/s]
 63%|██████▎   | 13074/20787 [00:07<00:04, 1839.32it/s]
 64%|██████▍   | 13264/20787 [00:07<00:04, 1856.87it/s]
 65%|██████▍   | 13450/20787 [00:07<00:03, 1856.08it/s]
 66%|██████▌   | 13650/20787 [00:07<00:03, 1898.06it/s]
 67%|██████▋   | 13840/20787 [00:07<00:04, 1466.48it/s]
 67%|██████▋   | 14026/20787 [00:08<00:04, 1563.35it/s]
 68%|██████▊   | 14209/20787 [00:08<00:04, 1632.38it/s]
 69%|██████▉   | 14411/20787 [00:08<00:03, 1736.26it/s]
 70%|███████   | 14617/20787 [00:08<00:03, 1826.50it/s]
 71%|███████   | 14806/20787 [00:08<00:03, 1834.63it/s]
 72%|███████▏  | 14999/20787 [00:08<00:03, 1859.51it/s]
 73%|███████▎  | 15204/20787 [00:08<00:02, 1913.95it/s]
 74%|███████▍  | 15406/20787 [00:08<00:02, 1944.89it/s]
 75%|███████▌  | 15613/20787 [00:08<00:02, 1978.28it/s]
 76%|███████▌  | 15815/20787 [00:08<00:02, 1988.53it/s]
 77%|███████▋  | 16015/20787 [00:09<00:02, 1915.35it/s]
 78%|███████▊  | 16208/20787 [00:09<00:02, 1889.96it/s]
 79%|███████▉  | 16398/20787 [00:09<00:02, 1879.04it/s]
 80%|███████▉  | 16592/20787 [00:09<00:02, 1896.29it/s]
 81%|████████  | 16788/20787 [00:09<00:02, 1911.88it/s]
 82%|████████▏ | 16980/20787 [00:09<00:01, 1903.66it/s]
 83%|████████▎ | 17185/20787 [00:09<00:01, 1945.72it/s]
 84%|████████▎ | 17382/20787 [00:09<00:01, 1951.86it/s]
 85%|████████▍ | 17583/20787 [00:09<00:01, 1967.52it/s]
 86%|████████▌ | 17780/20787 [00:09<00:01, 1966.15it/s]
 86%|████████▋ | 17977/20787 [00:10<00:02, 1393.94it/s]
 87%|████████▋ | 18164/20787 [00:10<00:01, 1503.64it/s]
 88%|████████▊ | 18368/20787 [00:10<00:01, 1635.99it/s]
 89%|████████▉ | 18567/20787 [00:10<00:01, 1727.42it/s]
 90%|█████████ | 18753/20787 [00:10<00:01, 1749.27it/s]
 91%|█████████ | 18937/20787 [00:10<00:01, 1757.37it/s]
 92%|█████████▏| 19135/20787 [00:10<00:00, 1819.79it/s]
 93%|█████████▎| 19322/20787 [00:10<00:00, 1819.79it/s]
 94%|█████████▍| 19508/20787 [00:11<00:00, 1804.40it/s]
 95%|█████████▍| 19691/20787 [00:11<00:00, 1751.11it/s]
 96%|█████████▌| 19876/20787 [00:11<00:00, 1775.88it/s]
 96%|█████████▋| 20056/20787 [00:11<00:00, 1778.90it/s]
 97%|█████████▋| 20235/20787 [00:11<00:00, 1767.14it/s]
 98%|█████████▊| 20421/20787 [00:11<00:00, 1791.11it/s]
 99%|█████████▉| 20612/20787 [00:11<00:00, 1823.87it/s]
100%|██████████| 20787/20787 [00:12<00:00, 1658.54it/s]
/Users/lucielu/Library/CloudStorage/Dropbox/TwoTrees_EGJL/EGJL_Replication/code/python/MakePortfolios_v2.py:245: PerformanceWarning: 
your performance may suffer as PyTables will pickle object types that it cannot
map directly to c-types [inferred_type->mixed,key->block3_values] [items->Index(['ffi48_desc'], dtype='object')]

  df.to_hdf(path+data_dir+r'_main_data_2.h5',
EBITDA_pct_1q
EBITDA_pct_1y
NIMTA_pct_1q
NIMTA_pct_1y
CASHMTA_pct_1q
CASHMTA_pct_1y
ASSETS_pct_1q
ASSETS_pct_1y
sales_at_pct_1q
sales_at_pct_1y
gp_at_pct_1q
gp_at_pct_1y
EARN1Q_pct_1q
EARN1Q_pct_1y
SIGMA_diff_1q
SIGMA_diff_1y
cdr_diff_1q
cdr_diff_1y
market_leverage_diff_1q
market_leverage_diff_1y
book_leverage_diff_1q
book_leverage_diff_1y
sales_at
gp_at
book_leverage
market_leverage
--- Finished MakePortfolios_v2.py (exit 0, 09:33:31) ---

=== Running MakeSorts.py (09:33:31) ===
SIGMA

  0%|          | 0/7392 [00:00<?, ?it/s]
 19%|█▉        | 1438/7392 [00:00<00:00, 14377.82it/s]
 60%|█████▉    | 4405/7392 [00:00<00:00, 23371.00it/s]
 91%|█████████ | 6743/7392 [00:00<00:00, 23320.82it/s]
100%|██████████| 7392/7392 [00:00<00:00, 20066.17it/s]

  0%|          | 0/7392 [00:00<?, ?it/s]
 18%|█▊        | 1299/7392 [00:00<00:00, 12984.16it/s]
 45%|████▌     | 3340/7392 [00:00<00:00, 17350.68it/s]
 74%|███████▍  | 5485/7392 [00:00<00:00, 19220.78it/s]
100%|██████████| 7392/7392 [00:00<00:00, 19132.47it/s]
SIGMA_diff_1q

  0%|          | 0/7392 [00:00<?, ?it/s]
 23%|██▎       | 1696/7392 [00:00<00:00, 16958.80it/s]
 64%|██████▍   | 4757/7392 [00:00<00:00, 22017.70it/s]
100%|██████████| 7392/7392 [00:00<00:00, 21523.72it/s]

  0%|          | 0/7392 [00:00<?, ?it/s]
 21%|██        | 1540/7392 [00:00<00:00, 15396.01it/s]
 49%|████▉     | 3606/7392 [00:00<00:00, 18491.07it/s]
 78%|███████▊  | 5746/7392 [00:00<00:00, 19818.31it/s]
100%|██████████| 7392/7392 [00:00<00:00, 18840.08it/s]
SIGMA_diff_1y

  0%|          | 0/7248 [00:00<?, ?it/s]
 30%|███       | 2182/7248 [00:00<00:00, 21816.33it/s]
 63%|██████▎   | 4534/7248 [00:00<00:00, 22815.07it/s]
100%|██████████| 7248/7248 [00:00<00:00, 22377.15it/s]

  0%|          | 0/7248 [00:00<?, ?it/s]
 20%|██        | 1466/7248 [00:00<00:00, 14656.62it/s]
 48%|████▊     | 3495/7248 [00:00<00:00, 17967.00it/s]
 74%|███████▍  | 5372/7248 [00:00<00:00, 18333.36it/s]
100%|██████████| 7248/7248 [00:00<00:00, 18623.76it/s]
cdr

  0%|          | 0/7392 [00:00<?, ?it/s]
 30%|██▉       | 2187/7392 [00:00<00:00, 21868.04it/s]
 62%|██████▏   | 4587/7392 [00:00<00:00, 23121.42it/s]
100%|██████████| 7392/7392 [00:00<00:00, 22733.07it/s]

  0%|          | 0/7392 [00:00<?, ?it/s]
 15%|█▌        | 1143/7392 [00:00<00:00, 11429.55it/s]
 41%|████      | 3046/7392 [00:00<00:00, 15897.53it/s]
 69%|██████▊   | 5070/7392 [00:00<00:00, 17876.50it/s]
 97%|█████████▋| 7193/7392 [00:00<00:00, 19196.69it/s]
100%|██████████| 7392/7392 [00:00<00:00, 18016.70it/s]
cdr_diff_1q

  0%|          | 0/7392 [00:00<?, ?it/s]
 30%|██▉       | 2192/7392 [00:00<00:00, 21880.79it/s]
 62%|██████▏   | 4580/7392 [00:00<00:00, 23053.23it/s]
100%|██████████| 7392/7392 [00:00<00:00, 22676.44it/s]

  0%|          | 0/7392 [00:00<?, ?it/s]
 12%|█▏        | 912/7392 [00:00<00:00, 9116.44it/s]
 37%|███▋      | 2711/7392 [00:00<00:00, 14332.74it/s]
 65%|██████▍   | 4779/7392 [00:00<00:00, 17228.93it/s]
 94%|█████████▍| 6974/7392 [00:00<00:00, 19088.82it/s]
100%|██████████| 7392/7392 [00:00<00:00, 17522.65it/s]
cdr_diff_1y

  0%|          | 0/7248 [00:00<?, ?it/s]
 30%|███       | 2199/7248 [00:00<00:00, 21985.36it/s]
 62%|██████▏   | 4519/7248 [00:00<00:00, 22696.21it/s]
100%|██████████| 7248/7248 [00:00<00:00, 22272.88it/s]

  0%|          | 0/7248 [00:00<?, ?it/s]
 16%|█▌        | 1144/7248 [00:00<00:00, 11436.55it/s]
 44%|████▍     | 3196/7248 [00:00<00:00, 16779.08it/s]
 74%|███████▍  | 5355/7248 [00:00<00:00, 18966.97it/s]
100%|██████████| 7248/7248 [00:00<00:00, 18593.53it/s]
market_leverage

  0%|          | 0/7392 [00:00<?, ?it/s]
 27%|██▋       | 2030/7392 [00:00<00:00, 17029.79it/s]
 61%|██████    | 4501/7392 [00:00<00:00, 21204.92it/s]
 99%|█████████▊| 7293/7392 [00:00<00:00, 24142.27it/s]
100%|██████████| 7392/7392 [00:00<00:00, 18845.46it/s]

  0%|          | 0/7392 [00:00<?, ?it/s]
 18%|█▊        | 1345/7392 [00:00<00:00, 13440.98it/s]
 42%|████▏     | 3119/7392 [00:00<00:00, 15961.87it/s]
 70%|██████▉   | 5156/7392 [00:00<00:00, 17971.46it/s]
 97%|█████████▋| 7180/7392 [00:00<00:00, 18864.63it/s]
100%|██████████| 7392/7392 [00:00<00:00, 17655.81it/s]
market_leverage_diff_1q

  0%|          | 0/7392 [00:00<?, ?it/s]
 21%|██▏       | 1587/7392 [00:00<00:00, 15867.90it/s]
 63%|██████▎   | 4621/7392 [00:00<00:00, 24378.29it/s]
 95%|█████████▌| 7059/7392 [00:00<00:00, 23446.85it/s]
100%|██████████| 7392/7392 [00:00<00:00, 20658.59it/s]

  0%|          | 0/7392 [00:00<?, ?it/s]
 19%|█▊        | 1384/7392 [00:00<00:00, 13833.52it/s]
 44%|████▍     | 3271/7392 [00:00<00:00, 16793.61it/s]
 72%|███████▏  | 5333/7392 [00:00<00:00, 18537.13it/s]
100%|██████████| 7392/7392 [00:00<00:00, 18489.84it/s]
market_leverage_diff_1y

  0%|          | 0/7248 [00:00<?, ?it/s]
 22%|██▏       | 1595/7248 [00:00<00:00, 15949.86it/s]
 62%|██████▏   | 4486/7248 [00:00<00:00, 23573.43it/s]
 94%|█████████▍| 6844/7248 [00:00<00:00, 22681.81it/s]
100%|██████████| 7248/7248 [00:00<00:00, 20279.11it/s]

  0%|          | 0/7248 [00:00<?, ?it/s]
 19%|█▉        | 1362/7248 [00:00<00:00, 13617.55it/s]
 47%|████▋     | 3395/7248 [00:00<00:00, 17562.86it/s]
 74%|███████▎  | 5342/7248 [00:00<00:00, 18431.57it/s]
100%|██████████| 7248/7248 [00:00<00:00, 18150.45it/s]
book_leverage

  0%|          | 0/7392 [00:00<?, ?it/s]
 18%|█▊        | 1364/7392 [00:00<00:00, 13619.94it/s]
 53%|█████▎    | 3952/7392 [00:00<00:00, 20781.68it/s]
 82%|████████▏ | 6030/7392 [00:00<00:00, 20201.12it/s]
100%|██████████| 7392/7392 [00:00<00:00, 18830.33it/s]

  0%|          | 0/7392 [00:00<?, ?it/s]
 17%|█▋        | 1263/7392 [00:00<00:00, 12625.95it/s]
 43%|████▎     | 3188/7392 [00:00<00:00, 16519.00it/s]
 69%|██████▉   | 5097/7392 [00:00<00:00, 17691.90it/s]
 95%|█████████▌| 7023/7392 [00:00<00:00, 18309.94it/s]
100%|██████████| 7392/7392 [00:00<00:00, 17611.35it/s]
book_leverage_diff_1q

  0%|          | 0/7392 [00:00<?, ?it/s]
 22%|██▏       | 1620/7392 [00:00<00:00, 16197.20it/s]
 59%|█████▉    | 4370/7392 [00:00<00:00, 22841.98it/s]
 90%|█████████ | 6655/7392 [00:00<00:00, 21950.67it/s]
100%|██████████| 7392/7392 [00:00<00:00, 19799.32it/s]

  0%|          | 0/7392 [00:00<?, ?it/s]
 18%|█▊        | 1321/7392 [00:00<00:00, 13203.15it/s]
 43%|████▎     | 3177/7392 [00:00<00:00, 16337.70it/s]
 69%|██████▉   | 5102/7392 [00:00<00:00, 17665.69it/s]
 95%|█████████▌| 7042/7392 [00:00<00:00, 18349.44it/s]
100%|██████████| 7392/7392 [00:00<00:00, 17642.97it/s]
book_leverage_diff_1y

  0%|          | 0/7248 [00:00<?, ?it/s]
 22%|██▏       | 1621/7248 [00:00<00:00, 16205.92it/s]
 60%|█████▉    | 4318/7248 [00:00<00:00, 22533.49it/s]
 91%|█████████ | 6572/7248 [00:00<00:00, 22476.04it/s]
100%|██████████| 7248/7248 [00:00<00:00, 20215.76it/s]

  0%|          | 0/7248 [00:00<?, ?it/s]
 20%|██        | 1466/7248 [00:00<00:00, 14657.85it/s]
 46%|████▌     | 3352/7248 [00:00<00:00, 17127.50it/s]
 72%|███████▏  | 5234/7248 [00:00<00:00, 17895.53it/s]
 98%|█████████▊| 7124/7248 [00:00<00:00, 17378.86it/s]
100%|██████████| 7248/7248 [00:00<00:00, 17263.60it/s]
EBITDA

  0%|          | 0/7391 [00:00<?, ?it/s]
 27%|██▋       | 1978/7391 [00:00<00:00, 19773.04it/s]
 57%|█████▋    | 4219/7391 [00:00<00:00, 20755.00it/s]
 94%|█████████▍| 6937/7391 [00:00<00:00, 23644.44it/s]
100%|██████████| 7391/7391 [00:00<00:00, 20530.38it/s]

  0%|          | 0/7391 [00:00<?, ?it/s]
 18%|█▊        | 1323/7391 [00:00<00:00, 13228.94it/s]
 44%|████▎     | 3216/7391 [00:00<00:00, 16580.54it/s]
 66%|██████▌   | 4875/7391 [00:00<00:00, 16487.75it/s]
 91%|█████████ | 6744/7391 [00:00<00:00, 17353.30it/s]
100%|██████████| 7391/7391 [00:00<00:00, 16875.85it/s]
EBITDA_pct_1q

  0%|          | 0/7383 [00:00<?, ?it/s]
 27%|██▋       | 2009/7383 [00:00<00:00, 20086.38it/s]
 59%|█████▉    | 4389/7383 [00:00<00:00, 22268.50it/s]
 98%|█████████▊| 7212/7383 [00:00<00:00, 24990.26it/s]
100%|██████████| 7383/7383 [00:00<00:00, 21648.92it/s]

  0%|          | 0/7383 [00:00<?, ?it/s]
 15%|█▌        | 1114/7383 [00:00<00:00, 11139.56it/s]
 41%|████      | 3034/7383 [00:00<00:00, 15878.97it/s]
 67%|██████▋   | 4974/7383 [00:00<00:00, 17483.83it/s]
 93%|█████████▎| 6902/7383 [00:00<00:00, 18190.19it/s]
100%|██████████| 7383/7383 [00:00<00:00, 17348.70it/s]
EBITDA_pct_1y

  0%|          | 0/7236 [00:00<?, ?it/s]
 29%|██▊       | 2066/7236 [00:00<00:00, 20659.58it/s]
 59%|█████▉    | 4281/7236 [00:00<00:00, 21532.38it/s]
 97%|█████████▋| 7005/7236 [00:00<00:00, 24135.79it/s]
100%|██████████| 7236/7236 [00:00<00:00, 21237.81it/s]

  0%|          | 0/7236 [00:00<?, ?it/s]
 14%|█▍        | 1031/7236 [00:00<00:00, 10309.69it/s]
 40%|████      | 2924/7236 [00:00<00:00, 15373.08it/s]
 66%|██████▌   | 4792/7236 [00:00<00:00, 16881.92it/s]
 93%|█████████▎| 6723/7236 [00:00<00:00, 17835.53it/s]
100%|██████████| 7236/7236 [00:00<00:00, 16932.26it/s]
NIMTA

  0%|          | 0/7392 [00:00<?, ?it/s]
 27%|██▋       | 2000/7392 [00:00<00:00, 19998.02it/s]
 58%|█████▊    | 4296/7392 [00:00<00:00, 21736.46it/s]
 96%|█████████▌| 7112/7392 [00:00<00:00, 24668.34it/s]
100%|██████████| 7392/7392 [00:00<00:00, 21457.36it/s]

  0%|          | 0/7392 [00:00<?, ?it/s]
 14%|█▍        | 1021/7392 [00:00<00:00, 10207.55it/s]
 39%|███▉      | 2868/7392 [00:00<00:00, 15066.46it/s]
 65%|██████▍   | 4795/7392 [00:00<00:00, 16983.23it/s]
 90%|█████████ | 6660/7392 [00:00<00:00, 17638.43it/s]
100%|██████████| 7392/7392 [00:00<00:00, 16281.26it/s]
NIMTA_pct_1q

  0%|          | 0/7392 [00:00<?, ?it/s]
 25%|██▌       | 1879/7392 [00:00<00:00, 16782.50it/s]
 64%|██████▎   | 4701/7392 [00:00<00:00, 23190.97it/s]
 97%|█████████▋| 7182/7392 [00:00<00:00, 23482.37it/s]
100%|██████████| 7392/7392 [00:00<00:00, 20664.96it/s]

  0%|          | 0/7392 [00:00<?, ?it/s]
 18%|█▊        | 1312/7392 [00:00<00:00, 13115.29it/s]
 44%|████▍     | 3246/7392 [00:00<00:00, 16771.20it/s]
 69%|██████▉   | 5130/7392 [00:00<00:00, 17714.26it/s]
 96%|█████████▌| 7083/7392 [00:00<00:00, 18428.10it/s]
100%|██████████| 7392/7392 [00:00<00:00, 17632.63it/s]
NIMTA_pct_1y

  0%|          | 0/7248 [00:00<?, ?it/s]
 23%|██▎       | 1655/7248 [00:00<00:00, 16546.70it/s]
 67%|██████▋   | 4882/7248 [00:00<00:00, 25792.97it/s]
100%|██████████| 7248/7248 [00:00<00:00, 21813.78it/s]

  0%|          | 0/7248 [00:00<?, ?it/s]
 21%|██▏       | 1550/7248 [00:00<00:00, 15494.58it/s]
 50%|████▉     | 3589/7248 [00:00<00:00, 18369.07it/s]
 77%|███████▋  | 5585/7248 [00:00<00:00, 19093.19it/s]
100%|██████████| 7248/7248 [00:00<00:00, 18996.96it/s]
CASHMTA

  0%|          | 0/7392 [00:00<?, ?it/s]
 17%|█▋        | 1259/7392 [00:00<00:00, 12588.24it/s]
 46%|████▌     | 3376/7392 [00:00<00:00, 17634.79it/s]
 79%|███████▉  | 5844/7392 [00:00<00:00, 20849.39it/s]
100%|██████████| 7392/7392 [00:00<00:00, 16742.08it/s]

  0%|          | 0/7392 [00:00<?, ?it/s]
 17%|█▋        | 1262/7392 [00:00<00:00, 12617.85it/s]
 40%|███▉      | 2930/7392 [00:00<00:00, 15004.01it/s]
 64%|██████▍   | 4748/7392 [00:00<00:00, 16452.35it/s]
 86%|████████▋ | 6394/7392 [00:00<00:00, 15762.19it/s]
100%|██████████| 7392/7392 [00:00<00:00, 16014.14it/s]
CASHMTA_pct_1q

  0%|          | 0/7392 [00:00<?, ?it/s]
 20%|█▉        | 1452/7392 [00:00<00:00, 14517.24it/s]
 54%|█████▍    | 3990/7392 [00:00<00:00, 20903.27it/s]
 82%|████████▏ | 6081/7392 [00:00<00:00, 19942.23it/s]
100%|██████████| 7392/7392 [00:00<00:00, 17807.50it/s]

  0%|          | 0/7392 [00:00<?, ?it/s]
 16%|█▌        | 1187/7392 [00:00<00:00, 11865.48it/s]
 41%|████▏     | 3050/7392 [00:00<00:00, 15835.14it/s]
 64%|██████▍   | 4760/7392 [00:00<00:00, 16412.02it/s]
 91%|█████████ | 6719/7392 [00:00<00:00, 17663.48it/s]
100%|██████████| 7392/7392 [00:00<00:00, 17032.54it/s]
CASHMTA_pct_1y

  0%|          | 0/7248 [00:00<?, ?it/s]
 24%|██▍       | 1748/7248 [00:00<00:00, 17474.60it/s]
 65%|██████▍   | 4701/7248 [00:00<00:00, 24563.68it/s]
 99%|█████████▉| 7158/7248 [00:00<00:00, 23518.95it/s]
100%|██████████| 7248/7248 [00:00<00:00, 20913.11it/s]

  0%|          | 0/7248 [00:00<?, ?it/s]
 20%|█▉        | 1447/7248 [00:00<00:00, 14468.70it/s]
 46%|████▌     | 3337/7248 [00:00<00:00, 17069.54it/s]
 71%|███████   | 5114/7248 [00:00<00:00, 17388.53it/s]
 97%|█████████▋| 7056/7248 [00:00<00:00, 18187.97it/s]
100%|██████████| 7248/7248 [00:00<00:00, 17680.81it/s]
ASSETS

  0%|          | 0/7392 [00:00<?, ?it/s]
 22%|██▏       | 1605/7392 [00:00<00:00, 16049.02it/s]
 60%|█████▉    | 4403/7392 [00:00<00:00, 23064.49it/s]
 91%|█████████ | 6710/7392 [00:00<00:00, 22886.14it/s]
100%|██████████| 7392/7392 [00:00<00:00, 20419.88it/s]

  0%|          | 0/7392 [00:00<?, ?it/s]
 15%|█▍        | 1078/7392 [00:00<00:00, 10778.80it/s]
 41%|████      | 3031/7392 [00:00<00:00, 15925.94it/s]
 68%|██████▊   | 5038/7392 [00:00<00:00, 17816.26it/s]
 93%|█████████▎| 6845/7392 [00:00<00:00, 17916.35it/s]
100%|██████████| 7392/7392 [00:00<00:00, 17352.91it/s]
ASSETS_pct_1q

  0%|          | 0/7392 [00:00<?, ?it/s]
 24%|██▍       | 1757/7392 [00:00<00:00, 17566.46it/s]
 55%|█████▍    | 4033/7392 [00:00<00:00, 20554.40it/s]
 95%|█████████▌| 7056/7392 [00:00<00:00, 24962.11it/s]
100%|██████████| 7392/7392 [00:00<00:00, 21180.58it/s]

  0%|          | 0/7392 [00:00<?, ?it/s]
 20%|█▉        | 1465/7392 [00:00<00:00, 14646.00it/s]
 40%|███▉      | 2930/7392 [00:00<00:00, 14409.38it/s]
 66%|██████▌   | 4881/7392 [00:00<00:00, 16712.25it/s]
 94%|█████████▍| 6957/7392 [00:00<00:00, 18301.01it/s]
100%|██████████| 7392/7392 [00:00<00:00, 17414.20it/s]
ASSETS_pct_1y

  0%|          | 0/7248 [00:00<?, ?it/s]
 31%|███▏      | 2283/7248 [00:00<00:00, 22827.74it/s]
 63%|██████▎   | 4566/7248 [00:00<00:00, 22374.47it/s]
100%|██████████| 7248/7248 [00:00<00:00, 21620.20it/s]

  0%|          | 0/7248 [00:00<?, ?it/s]
 14%|█▍        | 1046/7248 [00:00<00:00, 10457.79it/s]
 43%|████▎     | 3082/7248 [00:00<00:00, 16281.55it/s]
 65%|██████▍   | 4711/7248 [00:00<00:00, 16218.03it/s]
 88%|████████▊ | 6350/7248 [00:00<00:00, 16284.27it/s]
100%|██████████| 7248/7248 [00:00<00:00, 15926.10it/s]
sales_at

  0%|          | 0/7345 [00:00<?, ?it/s]
 29%|██▊       | 2107/7345 [00:00<00:00, 21060.33it/s]
 57%|█████▋    | 4214/7345 [00:00<00:00, 20054.86it/s]
 94%|█████████▎| 6870/7345 [00:00<00:00, 22941.15it/s]
100%|██████████| 7345/7345 [00:00<00:00, 20046.40it/s]

  0%|          | 0/7345 [00:00<?, ?it/s]
 12%|█▏        | 899/7345 [00:00<00:00, 8984.61it/s]
 36%|███▌      | 2618/7345 [00:00<00:00, 13808.25it/s]
 62%|██████▏   | 4555/7345 [00:00<00:00, 16344.35it/s]
 84%|████████▍ | 6192/7345 [00:00<00:00, 16348.48it/s]
100%|██████████| 7345/7345 [00:00<00:00, 15532.95it/s]
sales_at_pct_1q

  0%|          | 0/7297 [00:00<?, ?it/s]
 28%|██▊       | 2064/7297 [00:00<00:00, 20637.51it/s]
 57%|█████▋    | 4128/7297 [00:00<00:00, 19837.47it/s]
 90%|█████████ | 6570/7297 [00:00<00:00, 21867.92it/s]
100%|██████████| 7297/7297 [00:00<00:00, 19379.70it/s]

  0%|          | 0/7297 [00:00<?, ?it/s]
 13%|█▎        | 935/7297 [00:00<00:00, 9348.89it/s]
 39%|███▊      | 2819/7297 [00:00<00:00, 14930.23it/s]
 65%|██████▌   | 4762/7297 [00:00<00:00, 16982.57it/s]
 93%|█████████▎| 6757/7297 [00:00<00:00, 18152.16it/s]
100%|██████████| 7297/7297 [00:00<00:00, 17083.83it/s]
sales_at_pct_1y

  0%|          | 0/7152 [00:00<?, ?it/s]
 27%|██▋       | 1925/7152 [00:00<00:00, 16665.98it/s]
 66%|██████▌   | 4717/7152 [00:00<00:00, 22881.13it/s]
100%|██████████| 7152/7152 [00:00<00:00, 19885.97it/s]

  0%|          | 0/7152 [00:00<?, ?it/s]
 21%|██▏       | 1521/7152 [00:00<00:00, 15204.21it/s]
 49%|████▉     | 3515/7152 [00:00<00:00, 17988.71it/s]
 76%|███████▋  | 5463/7152 [00:00<00:00, 18667.04it/s]
100%|██████████| 7152/7152 [00:00<00:00, 18404.81it/s]
gp_at

  0%|          | 0/7344 [00:00<?, ?it/s]
 24%|██▍       | 1745/7344 [00:00<00:00, 16647.43it/s]
 63%|██████▎   | 4603/7344 [00:00<00:00, 23529.69it/s]
 96%|█████████▌| 7066/7344 [00:00<00:00, 22604.51it/s]
100%|██████████| 7344/7344 [00:00<00:00, 20249.63it/s]

  0%|          | 0/7344 [00:00<?, ?it/s]
 18%|█▊        | 1319/7344 [00:00<00:00, 13187.12it/s]
 43%|████▎     | 3145/7344 [00:00<00:00, 16170.14it/s]
 68%|██████▊   | 5016/7344 [00:00<00:00, 17329.17it/s]
 94%|█████████▎| 6884/7344 [00:00<00:00, 17861.31it/s]
100%|██████████| 7344/7344 [00:00<00:00, 17284.00it/s]
gp_at_pct_1q

  0%|          | 0/7296 [00:00<?, ?it/s]
 20%|█▉        | 1436/7296 [00:00<00:00, 14359.88it/s]
 57%|█████▋    | 4163/7296 [00:00<00:00, 21954.02it/s]
 91%|█████████ | 6605/7296 [00:00<00:00, 22064.77it/s]
100%|██████████| 7296/7296 [00:00<00:00, 19842.27it/s]

  0%|          | 0/7296 [00:00<?, ?it/s]
 18%|█▊        | 1293/7296 [00:00<00:00, 12929.21it/s]
 44%|████▍     | 3192/7296 [00:00<00:00, 16491.96it/s]
 72%|███████▏  | 5252/7296 [00:00<00:00, 18364.94it/s]
 99%|█████████▉| 7231/7296 [00:00<00:00, 18924.53it/s]
100%|██████████| 7296/7296 [00:00<00:00, 18054.40it/s]
gp_at_pct_1y

  0%|          | 0/7152 [00:00<?, ?it/s]
 23%|██▎       | 1613/7152 [00:00<00:00, 16126.48it/s]
 60%|█████▉    | 4265/7152 [00:00<00:00, 22224.07it/s]
 91%|█████████ | 6488/7152 [00:00<00:00, 21868.26it/s]
100%|██████████| 7152/7152 [00:00<00:00, 19880.35it/s]

  0%|          | 0/7152 [00:00<?, ?it/s]
 20%|█▉        | 1399/7152 [00:00<00:00, 13988.15it/s]
 45%|████▍     | 3196/7152 [00:00<00:00, 16326.63it/s]
 71%|███████   | 5064/7152 [00:00<00:00, 17397.97it/s]
 97%|█████████▋| 6968/7152 [00:00<00:00, 18043.61it/s]
100%|██████████| 7152/7152 [00:00<00:00, 17426.59it/s]
EARN1Q_pct_1q

  0%|          | 0/7375 [00:00<?, ?it/s]
 22%|██▏       | 1653/7375 [00:00<00:00, 16526.19it/s]
 58%|█████▊    | 4311/7375 [00:00<00:00, 22437.01it/s]
 89%|████████▉ | 6555/7375 [00:00<00:00, 21967.87it/s]
100%|██████████| 7375/7375 [00:00<00:00, 20304.50it/s]

  0%|          | 0/7375 [00:00<?, ?it/s]
 20%|█▉        | 1442/7375 [00:00<00:00, 14417.85it/s]
 45%|████▌     | 3338/7375 [00:00<00:00, 17087.01it/s]
 70%|██████▉   | 5159/7375 [00:00<00:00, 17599.01it/s]
 96%|█████████▌| 7091/7375 [00:00<00:00, 18278.30it/s]
100%|██████████| 7375/7375 [00:00<00:00, 17772.76it/s]
EARN1Q_pct_1y

  0%|          | 0/7222 [00:00<?, ?it/s]
 25%|██▍       | 1784/7222 [00:00<00:00, 17830.54it/s]
 63%|██████▎   | 4515/7222 [00:00<00:00, 23403.98it/s]
 95%|█████████▍| 6856/7222 [00:00<00:00, 23135.17it/s]
100%|██████████| 7222/7222 [00:00<00:00, 20705.28it/s]

  0%|          | 0/7222 [00:00<?, ?it/s]
 21%|██        | 1495/7222 [00:00<00:00, 14947.59it/s]
 47%|████▋     | 3398/7222 [00:00<00:00, 17335.20it/s]
 73%|███████▎  | 5249/7222 [00:00<00:00, 17869.04it/s]
 99%|█████████▉| 7159/7222 [00:00<00:00, 18351.72it/s]
100%|██████████| 7222/7222 [00:00<00:00, 17870.67it/s]
ret_exc_1q

  0%|          | 0/7392 [00:00<?, ?it/s]
 17%|█▋        | 1264/7392 [00:00<00:00, 12636.85it/s]
 54%|█████▍    | 3986/7392 [00:00<00:00, 21210.91it/s]
 83%|████████▎ | 6108/7392 [00:00<00:00, 21187.00it/s]
100%|██████████| 7392/7392 [00:00<00:00, 19049.38it/s]

  0%|          | 0/7392 [00:00<?, ?it/s]
 18%|█▊        | 1307/7392 [00:00<00:00, 13066.21it/s]
 43%|████▎     | 3183/7392 [00:00<00:00, 16411.33it/s]
 69%|██████▉   | 5096/7392 [00:00<00:00, 17650.32it/s]
 95%|█████████▍| 7004/7392 [00:00<00:00, 18212.19it/s]
100%|██████████| 7392/7392 [00:00<00:00, 17515.88it/s]
ret_exc_1y

  0%|          | 0/7248 [00:00<?, ?it/s]
 23%|██▎       | 1665/7248 [00:00<00:00, 16646.17it/s]
 58%|█████▊    | 4188/7248 [00:00<00:00, 20030.62it/s]
 95%|█████████▌| 6889/7248 [00:00<00:00, 23078.31it/s]
100%|██████████| 7248/7248 [00:00<00:00, 20053.40it/s]

  0%|          | 0/7248 [00:00<?, ?it/s]
 18%|█▊        | 1297/7248 [00:00<00:00, 12964.79it/s]
 43%|████▎     | 3151/7248 [00:00<00:00, 16240.08it/s]
 66%|██████▋   | 4803/7248 [00:00<00:00, 16367.59it/s]
 92%|█████████▏| 6675/7248 [00:00<00:00, 17296.03it/s]
100%|██████████| 7248/7248 [00:00<00:00, 16879.84it/s]
CS5y

  0%|          | 0/4105 [00:00<?, ?it/s]
 62%|██████▏   | 2544/4105 [00:00<00:00, 25438.45it/s]
100%|██████████| 4105/4105 [00:00<00:00, 24219.12it/s]

  0%|          | 0/4105 [00:00<?, ?it/s]
 35%|███▌      | 1454/4105 [00:00<00:00, 14480.18it/s]
 83%|████████▎ | 3392/4105 [00:00<00:00, 17353.75it/s]
100%|██████████| 4105/4105 [00:00<00:00, 17521.99it/s]
CS5y_diff_1q

  0%|          | 0/4019 [00:00<?, ?it/s]
 70%|███████   | 2816/4019 [00:00<00:00, 28147.08it/s]
100%|██████████| 4019/4019 [00:00<00:00, 23457.10it/s]

  0%|          | 0/4019 [00:00<?, ?it/s]
 50%|█████     | 2025/4019 [00:00<00:00, 20244.95it/s]
100%|██████████| 4019/4019 [00:00<00:00, 21104.98it/s]
CS5y_diff_1y

  0%|          | 0/3807 [00:00<?, ?it/s]
 75%|███████▍  | 2841/3807 [00:00<00:00, 28406.03it/s]
100%|██████████| 3807/3807 [00:00<00:00, 22637.68it/s]

  0%|          | 0/3807 [00:00<?, ?it/s]
 53%|█████▎    | 2011/3807 [00:00<00:00, 20108.77it/s]
100%|██████████| 3807/3807 [00:00<00:00, 20612.12it/s]
CS10y

  0%|          | 0/3688 [00:00<?, ?it/s]
 75%|███████▍  | 2761/3688 [00:00<00:00, 22742.80it/s]
100%|██████████| 3688/3688 [00:00<00:00, 22750.67it/s]

  0%|          | 0/3688 [00:00<?, ?it/s]
 53%|█████▎    | 1937/3688 [00:00<00:00, 19362.63it/s]
100%|██████████| 3688/3688 [00:00<00:00, 20456.37it/s]
CS10y_diff_1q

  0%|          | 0/3555 [00:00<?, ?it/s]
 69%|██████▉   | 2462/3555 [00:00<00:00, 24610.40it/s]
100%|██████████| 3555/3555 [00:00<00:00, 20067.06it/s]

  0%|          | 0/3555 [00:00<?, ?it/s]
 52%|█████▏    | 1864/3555 [00:00<00:00, 18632.15it/s]
100%|██████████| 3555/3555 [00:00<00:00, 20132.41it/s]
CS10y_diff_1y

  0%|          | 0/3276 [00:00<?, ?it/s]
 88%|████████▊ | 2877/3276 [00:00<00:00, 23919.37it/s]
100%|██████████| 3276/3276 [00:00<00:00, 23094.51it/s]

  0%|          | 0/3276 [00:00<?, ?it/s]
 64%|██████▍   | 2095/3276 [00:00<00:00, 20949.02it/s]
100%|██████████| 3276/3276 [00:00<00:00, 21101.89it/s]
--- Finished MakeSorts.py (exit 0, 09:34:05) ---

=== Running MakeAggShocks_v1.py (09:34:05) ===
/Users/lucielu/uv-envs/EGJL_Replication/lib/python3.11/site-packages/openpyxl/worksheet/header_footer.py:48: UserWarning: Cannot parse header or footer so it will be ignored
  warn("""Cannot parse header or footer so it will be ignored""")
--- Finished MakeAggShocks_v1.py (exit 0, 09:34:07) ---

Step 1 build ended 2026-06-25 09:34:07
